[
  "00 - Certificaciones Firmadas digitalmente",
  "01- ARGENTINA",
  "02- CHILE",
  "09- PERU",
  "200 - RESPALDOS VARIOS",
  "300 - RENDICIONES",
  "Analisis Emergencias 2026",
  "Analisis GMAN",
  "Analisis LIMPLA",
  "Aplicaciones",
  "Approvals Document",
  "Archivos de chat de Microsoft Teams",
  "Archivos de Microsoft\u00a0Copilot Chat",
  "ArchivosRecibidos",
  "Blocs de notas",
  "Datos adjuntos",
  "Documentos",
  "Drive",
  "Escaneos",
  "Escritorio",
  "Grabaciones",
  "Im\u00e1genes",
  "Informe",
  "Lanieri Pericia 2026",
  "Microsoft Teams Chat Files",
  "Microsoft Teams Data",
  "Office Lens",
  "Oficio Badino",
  "Oficio Ullastre",
  "Pericia 20206 - LANDRIEL JOSE",
  "Pericia Lanieri",
  "Reuniones",
  "Whiteboards",
  "YPF 2022 AUDITORIA",
  "YPF Auditoria 2020",
  "00 - Adenda extensi\u00f3n de plazo 27-02-25.docx",
  "00 - Adenda extensi\u00f3n de plazo.docx",
  "01-04-2020-15.30.40.pdf",
  "0191_debora_majul.pdf",
  "02-19.xlsx",
  "03-ConvenioEspecificoPPS - corregido.docx",
  "10 lugares que ver en Ginebra imprescindibles - Viajeros Callejeros.pdf",
  "1203 - Entidad Certificacion Oficios.pdf",
  "126manual_d25.pdf",
  "12841 IMA SERVICIOS.pdf",
  "14 - 21 Simulador Rev 1.xlsm",
  "16952.pdf",
  "17-06-2020-14.31.22(1).pdf",
  "17928454.docx",
  "20.11.23 Acc Medina Paul FINAL rev.03.pptx",
  "20160901_111746.jpg",
  "20160901_111813.jpg",
  "2019-04 FACTURA DE VENTA 002_00000019.pdf",
  "20200401_115204.jpg",
  "2020-08-03 FC CCTECH 2-4211.pdf",
  "20201113_071532.jpg",
  "20201113_071647.jpg",
  "20201114_145016.jpg",
  "20220711_100527.jpg",
  "20220711_100541.jpg",
  "20220721_134542.jpg",
  "20220721_134553.jpg",
  "20952360133_011_00001_00000001.pdf",
  "2588.pdf",
  "26362-ACVC2-VACACIONES-2024-1-UOM.pdf",
  "2686.pdf",
  "27237637017_011_00002_00000468.pdf",
  "4 PLANILLA DE COTIZACION bancor 2025 1.xlsx",
  "4 PLANILLA DE COTIZACION bancor 2025 RESUMEN.xlsx",
  "4010382_Reports.pdf",
  "5-sales-email-templates-es-final-v03.08.pdf",
  "817.xlsx",
  "94108380_00200064316_29.pdf",
  "AA JEREMIAS MARTINET 30-12-24.pdf",
  "ACEVEDO MIGUEL EDUARDO.docx",
  "ACTA AUDIENCIA 26-05-20 001.jpg",
  "Acta suspension IMA ASIMRA 05-05-2020 - SIDERAR.doc",
  "Acta suspension IMA ASIMRA 05-05-2020 - SIDERCA.doc",
  "Acta suspension IMA ASIMRA 16-4-2020 - SIDERAR.doc",
  "Acta suspension IMA SMATA rev 02-06-2020.docx",
  "Acta suspension IMA SMATA rev 06-06-2020.docx",
  "Acta suspension IMA SMATA.docx",
  "Acta suspension IMA UOM 05-05-2020.docx",
  "Acta suspension IMA UOM 16-4-2020 - SIDERAR.doc",
  "Acta suspension IMA UOM 23-4-2020 - SIDERAR -Version UOM.docx",
  "Acta suspension IMA UOM 23-4-2020 - SIDERCA CON MODIF - REV SHM.docx",
  "Acta suspension IMA UOM 23-4-2020 - SIDERCA.docx",
  "Acta suspension IMA UOM 29-4-2020 - SIDERAR -Version UOM.docx",
  "Acta suspension IMA UOM 29-4-2020 - SIDERAR.doc",
  "Acta Suspension UOM SIDERAR SCRAP.pdf",
  "Acta Suspension UOM SIDERCA.pdf",
  "actas-2020 UOM.pdf",
  "Actividades IMA Siderca 2023.pptx",
  "Acuerdo 241 con escribano - M.Bustos.doc",
  "Acuerdo 241 Escribano - M. Bustos.docx",
  "Acuerdo 241 Salida Delegados PEMAN.docx",
  "Acuerdo 241 Salida Natali.docx",
  "Acuerdo 70% - 2.pdf",
  "Acuerdo CAA - UOMRA.pdf",
  "Acuerdo de Suspension - DT V1.pdf",
  "Acuerdo IMA - ASIMRA SIMAP 28-9-17.doc",
  "Acuerdo IMA - SMATA 10-01-19.doc",
  "Acuerdo IMA - SMATA 19-02-19.doc",
  "Acuerdo IMA - SMATA Escala Jul 2019.doc",
  "Acuerdo IMA Reintegro ACFA.doc",
  "Acuerdo metalurgico 223bis.pdf",
  "Acuerdo MT Campana - UOM - IMA y SIDERCA (002).docx",
  "ACUERDO PREMIO PRODUCTIVIDAD ITEM 2.6 % VARIABLE.docx",
  "Acuerdo Salida SIOL (San Nicolas) rev SHM.docx",
  "Acuerdo Salida SIOL.docx",
  "ACUERDO SIGRU LISTADO CON DNI.xlsx",
  "Acuerdo SMATA IMA.docx",
  "Acuerdo suspension Art. 223 bis LCT - Individual (IMA) 55% rev 04-05.docx",
  "Acuerdo suspension Art. 223 bis LCT - Individual (IMA) 55%.docx",
  "Acuerdo suspension Art. 223 bis LCT - Individual (IMA) 70% rev 04-05.docx",
  "Acuerdo suspension Art. 223 bis LCT - Individual (IMA) 70%.docx",
  "Acuerdo suspension Art. 223 bis LCT - Individual (IMA) 70%.pdf",
  "Acuerdo suspension Art. 223 bis LCT - Individual (IMA) 70%-IMA-NB-SMARTINET.docx",
  "Acuerdo Suspension SMATA.pdf",
  "ACUERDO TRANSPORTE SMATA.pdf",
  "ACUERDOS SALIDAS EX DB.xlsx",
  "Acuse de Recibo Protocolo.docx",
  "ACVC UOM Detalle 7.6%.xlsx",
  "Adecuacion Respaldo Usuarios IMA.xlsx",
  "ADELANTO 5% FEB.xlsx",
  "ADELANTO LOPEZ JOSE MARIA.PDF",
  "ADELANTOS 1Q PERSONAL ENSENADA - SAN NICOLAS EN SIDERCA.xlsx",
  "Adenda - Carta oferta YPF GAS-IMA.docx",
  "Adenda IMA - Rev1.docx",
  "Aj 5% Feb-19 UOM CAMP.xlsx",
  "AJ MC.xlsx",
  "AJ PAR UOM CAMPANA 04-2019 17% VOCES ATADA BASICO.xlsx",
  "AJ PAR UOM CAMPANA 05-2019 17% VOCES ATADA BASICO.xlsx",
  "AJ PEMAN 06-19.xlsx",
  "AJ TELEC UOM 2Q 03-20.pdf",
  "AJUSTE 31-01 - EXPDTE MIN TRABAJO SIMAP.xlsx",
  "Ajuste ADMAT simulacion .xlsx",
  "Ajuste Belen.xlsx",
  "AJUSTE DOPORTO VERA.xlsx",
  "AJUSTE G.O..xlsx",
  "Ajuste Hs Extras UOCRA Axion.xlsx",
  "Ajuste Oct-24.docx",
  "Ajuste Precios YPF (05.24) - Servicio de Mantenimiento Planta San Lorenzo.xlsx",
  "Ajuste Retribuci\u00f3n MC desde abril 2019 seg\u00fan inflaci\u00f3n.xlsx",
  "Ajuste SHM 2019.xlsx",
  "Ajuste sueldo SHM.msg",
  "Ajuste YPHU AA.docx",
  "ajuste.xlsx",
  "ajustes 30-08.docx",
  "Ajustes Seguridad 21-04-25.docx",
  "Ajustes Sistema 19-05.docx",
  "AJUSTES SISTEMA 295.docx",
  "Alberto Fernandez.xlsx",
  "Alta Uom Avellaneda .pdf",
  "ALTAS GM.xlsx",
  "ALTAS REX FASER UOM ENSENADA CAMPANA.xlsx",
  "An\u00e1lisis Buonamico-Macedro.xlsx",
  "Analisis Castillo.xlsx",
  "Analisis CEREP.xlsx",
  "Analisis Enrique Manso.xlsx",
  "Analisis FATE.xlsx",
  "Analisis Obra SG2706 y Haz.xlsx",
  "Analisis Pablo Lang.xlsx",
  "Analisis Reclade.xlsx",
  "ANALISIS RECLAMO DON BOSCO 14-4-20.xls",
  "Analisis RRHH FADMA.xlsx",
  "Analisis Siderca 20-5-2020.xlsx",
  "Analisis Sueldo.xlsx",
  "Analisis Tarifa UOM abr a jun-24.xlsx",
  "Anexo ESCALA SALARIAL GRUAS 19-20.pdf",
  "Anexo Pago Bono.docx",
  "Anexo Pago Bono.pdf",
  "Anexo V Declaraci\u00f3n sub contratistas.pdf",
  "Anexo VI Modelo Carta Oferta Servicios-Obra.docx",
  "anexo_a_ddjj_datos -word.docx",
  "answerId.docx",
  "Antecedentes Minuta Reunion Compras 08-03-19.pdf",
  "ANTONIATTI.doc",
  "API Pipedrive.pbix",
  "API Pipedrive.pdf",
  "APROBACION.docx",
  "ASIG. NR 04-05-06 2024.xlsx",
  "Asign 10.pdf",
  "Asignacion Pc Garbinos a Cuesta.pdf",
  "Asistencia Fiesta 30-11-2024.xlsx",
  "ATP UOM TELEC.pdf",
  "AUTORIZACI\u00d3N DE VIAJE NACIONAL.docx",
  "Autorizacion retiro Libretas.docx",
  "Aztecas.docx",
  "BAJAS PERSONAL 2DA OLA 21-5-21.xlsx",
  "Bajas SMATA.xlsx",
  "Banco Santander.docx",
  "Barrios cd 1503.pdf",
  "BD Integrada Novedades Temporal.xlsx",
  "BD Integrada Novedades.xlsx",
  "BD RRHH.xlsx"
]